// Jest Snapshot v1, https://goo.gl/fbAQLP

exports[`Root component should render correctly 1`] = `
<html
  lang="en-gb"
>
  <Head
    meta={Array []}
  />
  <body
    className="no-js"
  >
    <script
      dangerouslySetInnerHTML={
        Object {
          "__html": "document.body.className = \\"\\"",
        }
      }
    />
    <div
      className="Root"
      dangerouslySetInnerHTML={<div />}
      id="router"
    />
    <script
      src="/bundle.js?v=0.0.0"
    />
    <script
      dangerouslySetInnerHTML={
        Object {
          "__html": "var c = document.createElement(\\"link\\");c.rel = \\"stylesheet\\";c.href = \\"//hello.myfonts.net/count/37bce3\\";var h = document.head;n = h.childNodes;h.insertBefore(c, n[n.length - 1 ].nextSibling);",
        }
      }
    />
  </body>
</html>
`;
