// Jest Snapshot v1, https://goo.gl/fbAQLP

exports[`Post component should render correctly 1`] = `
<Fragment>
  <SideEffect(DocumentMeta)
    description="Modern front-end web development"
    title="title | Monospaced Blog"
  />
  <Space
    size="l"
  >
    <Masthead
      activePath="/blog/"
      links={
        Array [
          Object {
            "href": "/blog/",
            "routerLink": true,
            "text": "blog",
          },
          Object {
            "href": "http://localhost:9001",
            "text": "design-system",
          },
          Object {
            "href": "mailto:info@monospaced.com",
            "text": "info@monospaced.com",
          },
        ]
      }
      logo={
        <Logotype
          height="1.5em"
        />
      }
    />
  </Space>
  <Space>
    <Grid>
      <Grid.Item
        align="center"
        colSpan="1"
      >
        <Heading
          size="m"
        >
          2018-10-07
        </Heading>
      </Grid.Item>
      <Grid.Item
        colSpan="4"
      >
        <Heading
          level="1"
          size="xxxl"
        >
          title
        </Heading>
      </Grid.Item>
    </Grid>
  </Space>
  <Space
    size="xl"
  >
    <Grid>
      <Grid.Item
        colSpan="4"
        colStart="2"
      >
        <Markdown>
          <_default />
        </Markdown>
      </Grid.Item>
    </Grid>
  </Space>
</Fragment>
`;
