// Jest Snapshot v1, https://goo.gl/fbAQLP

exports[`Blog component should render correctly 1`] = `
<Fragment>
  <SideEffect(DocumentMeta)
    description="Modern front-end web development"
    title="Monospaced Blog"
  />
  <Space>
    <Masthead
      activePath="/blog/"
      links={
        Array [
          Object {
            "href": "/blog/",
            "routerLink": true,
            "text": "blog",
          },
          Object {
            "href": "http://localhost:9001",
            "text": "design-system",
          },
          Object {
            "href": "mailto:info@monospaced.com",
            "text": "info@monospaced.com",
          },
        ]
      }
      logo={
        <Logotype
          height="1.5em"
        />
      }
    />
    <Rule />
  </Space>
  <Space
    size="l"
  >
    <Grid>
      <Grid.Item
        colSpan="4"
        colStart="2"
      >
        <Space>
          <Heading
            level="1"
            size="xxxl"
          >
            Blog
          </Heading>
        </Space>
        <Space
          size="s"
        >
          <Rule />
        </Space>
        <Toc>
          <Toc.Item
            date="2018-10-07"
            key="slug"
            slug="slug"
            title="title"
          />
        </Toc>
      </Grid.Item>
    </Grid>
  </Space>
</Fragment>
`;
