// Jest Snapshot v1, https://goo.gl/fbAQLP

exports[`Legal component should render correctly 1`] = `
<Fragment>
  <SideEffect(DocumentMeta)
    description="Modern front-end web development"
    title="Legal | Monospaced"
  />
  <Space>
    <Masthead
      links={
        Array [
          Object {
            "href": "/blog/",
            "routerLink": true,
            "text": "blog",
          },
          Object {
            "href": "http://localhost:9001",
            "text": "design-system",
          },
          Object {
            "href": "mailto:info@monospaced.com",
            "text": "info@monospaced.com",
          },
        ]
      }
      logo={
        <Logotype
          height="1.5em"
        />
      }
    />
    <Rule />
  </Space>
  <Space
    size="l"
  >
    <Grid>
      <Component
        colSpan="5"
      >
        <Heading
          level="1"
          size="xxxl"
        >
          Legal matters
        </Heading>
      </Component>
    </Grid>
  </Space>
  <Space
    size="l"
  >
    <Grid>
      <Component
        colSpan="2"
      >
        <Heading
          level="3"
          size="xl"
        >
          Company details
        </Heading>
      </Component>
      <Component
        colSpan="4"
        colStart="3"
      >
        <Space>
          <Heading
            level="4"
            size="xl"
          >
            Monospaced Ltd
          </Heading>
          <Paragraph>
            38 Ardfillan Road 
            <br />
            London SE6 1SS
          </Paragraph>
        </Space>
        <Paragraph>
          <small>
            Monospaced Ltd is a company registered in England and Wales with company number 6151329 and VAT number 899547930.
          </small>
        </Paragraph>
      </Component>
    </Grid>
  </Space>
  <Space
    size="l"
  >
    <Grid>
      <Component
        colSpan="2"
      >
        <Heading
          level="3"
          size="xl"
        >
          Privacy policy
        </Heading>
      </Component>
      <Component
        colSpan="4"
        colStart="3"
      >
        <Space>
          <Heading
            level="4"
            size="xl"
          >
            Email
          </Heading>
          <Paragraph>
            If you send an email to Monospaced, we’ll email you back. If we end up working together, or think we may do in the future, we’ll keep your email in our contacts so we can stay in touch. No newsletters and no spam. That’s it!
          </Paragraph>
        </Space>
        <Heading
          level="4"
          size="xl"
        >
          Website
        </Heading>
        <Paragraph>
          This website does not store your personal data. At all. We don’t have a database to store it in. No cookies and no analytics. For compliance with web font licences, we call a third-party hit counter on each page load. But that’s all!
        </Paragraph>
      </Component>
    </Grid>
  </Space>
</Fragment>
`;
