// Jest Snapshot v1, https://goo.gl/fbAQLP

exports[`Home component should render correctly 1`] = `
<Fragment>
  <SideEffect(DocumentMeta)
    description="Modern front-end web development"
    title="Monospaced"
  />
  <Space>
    <Poster
      padding="0 0 3.5em"
    >
      <Space>
        <Masthead
          headingLevel="1"
          links={
            Array [
              Object {
                "href": "/blog/",
                "routerLink": true,
                "text": "blog",
              },
              Object {
                "href": "http://localhost:9001",
                "text": "design-system",
              },
              Object {
                "href": "mailto:info@monospaced.com",
                "text": "info@monospaced.com",
              },
            ]
          }
          logo={
            <Logotype
              height="1.5em"
            />
          }
        />
      </Space>
      <Grid>
        <Grid.Item
          colSpan="5"
        >
          <Heading
            size="xxxl"
          >
            Modern front-end web development
          </Heading>
        </Grid.Item>
      </Grid>
    </Poster>
  </Space>
  <Space
    size="l"
  >
    <Grid>
      <Grid.Item
        colSpan="2"
      >
        <Heading
          color="brand-primary-dark-color"
          level="2"
          size="xl"
        >
          Our services
        </Heading>
      </Grid.Item>
      <Grid.Item
        colSpan="4"
        colStart="3"
      >
        <Space>
          <Heading
            level="3"
            size="xl"
          >
            Design systems engineering
          </Heading>
        </Space>
        <Space>
          <Heading
            level="3"
            size="xl"
          >
            Front-end development
          </Heading>
        </Space>
        <Space>
          <Heading
            level="3"
            size="xl"
          >
            Legacy code rescue
          </Heading>
        </Space>
        <Space>
          <Heading
            level="3"
            size="xl"
          >
            Prototyping, concepts & MVPs
          </Heading>
        </Space>
        <Space>
          <Heading
            level="3"
            size="xl"
          >
            Web applications
          </Heading>
        </Space>
      </Grid.Item>
    </Grid>
  </Space>
  <Space
    size="l"
  >
    <Grid>
      <Grid.Item
        colSpan="2"
      >
        <Heading
          color="brand-primary-dark-color"
          level="2"
          size="xl"
        >
          Selected clients
        </Heading>
      </Grid.Item>
      <Grid.Item
        colSpan="4"
        colStart="3"
      >
        <Group
          tessellate={true}
        >
          <Group.Item
            key="BladudFlies"
          >
            <Tile
              href="http://bladudflies.com"
            >
              <BladudFlies
                fillRule="evenodd"
                role="img"
                viewBox="0 0 560 440"
                width="100%"
                xmlns="http://www.w3.org/2000/svg"
              />
            </Tile>
          </Group.Item>
          <Group.Item
            key="Chartwells"
          >
            <Tile
              href="https://www.compass-group.co.uk"
            >
              <Chartwells
                fillRule="evenodd"
                role="img"
                viewBox="0 0 560 440"
                width="100%"
                xmlns="http://www.w3.org/2000/svg"
              />
            </Tile>
          </Group.Item>
          <Group.Item
            key="Digitas"
          >
            <Tile
              href="https://www.digitas.com"
            >
              <Digitas
                fillRule="evenodd"
                role="img"
                viewBox="0 0 560 440"
                width="100%"
                xmlns="http://www.w3.org/2000/svg"
              />
            </Tile>
          </Group.Item>
          <Group.Item
            key="DowJones"
          >
            <Tile
              href="https://www.dowjones.com"
            >
              <DowJones
                fillRule="evenodd"
                role="img"
                viewBox="0 0 560 440"
                width="100%"
                xmlns="http://www.w3.org/2000/svg"
              />
            </Tile>
          </Group.Item>
          <Group.Item
            key="FindMyPast"
          >
            <Tile
              href="https://www.findmypast.co.uk"
            >
              <FindMyPast
                fillRule="evenodd"
                role="img"
                viewBox="0 0 560 440"
                width="100%"
                xmlns="http://www.w3.org/2000/svg"
              />
            </Tile>
          </Group.Item>
          <Group.Item
            key="Freeform"
          >
            <Tile
              href="https://frfrm.com"
            >
              <Freeform
                fillRule="evenodd"
                role="img"
                viewBox="0 0 560 440"
                width="100%"
                xmlns="http://www.w3.org/2000/svg"
              />
            </Tile>
          </Group.Item>
          <Group.Item
            key="GrandUnion"
          >
            <Tile
              href="http://www.thegrandunion.com"
            >
              <GrandUnion
                fillRule="evenodd"
                role="img"
                viewBox="0 0 560 440"
                width="100%"
                xmlns="http://www.w3.org/2000/svg"
              />
            </Tile>
          </Group.Item>
          <Group.Item
            key="Hanno"
          >
            <Tile
              href="https://hanno.co"
            >
              <Hanno
                fillRule="evenodd"
                role="img"
                viewBox="0 0 560 440"
                width="100%"
                xmlns="http://www.w3.org/2000/svg"
              />
            </Tile>
          </Group.Item>
          <Group.Item
            key="MajorPlayers"
          >
            <Tile
              href="https://www.majorplayers.co.uk"
            >
              <MajorPlayers
                fillRule="evenodd"
                role="img"
                viewBox="0 0 560 440"
                width="100%"
                xmlns="http://www.w3.org/2000/svg"
              />
            </Tile>
          </Group.Item>
          <Group.Item
            key="NationalLottery"
          >
            <Tile
              href="https://www.national-lottery.co.uk"
            >
              <NationalLottery
                fillRule="evenodd"
                role="img"
                viewBox="0 0 560 440"
                width="100%"
                xmlns="http://www.w3.org/2000/svg"
              />
            </Tile>
          </Group.Item>
          <Group.Item
            key="Nhs"
          >
            <Tile
              href="https://www.nhs.uk"
            >
              <Nhs
                fillRule="evenodd"
                role="img"
                viewBox="0 0 560 440"
                width="100%"
                xmlns="http://www.w3.org/2000/svg"
              />
            </Tile>
          </Group.Item>
          <Group.Item
            key="Ogilvy"
          >
            <Tile
              href="https://www.ogilvy.com"
            >
              <Ogilvy
                fillRule="evenodd"
                role="img"
                viewBox="0 0 560 440"
                width="100%"
                xmlns="http://www.w3.org/2000/svg"
              />
            </Tile>
          </Group.Item>
          <Group.Item
            key="Social360"
          >
            <Tile
              href="https://www.social360monitoring.com"
            >
              <Social360
                fillRule="evenodd"
                role="img"
                viewBox="0 0 560 440"
                width="100%"
                xmlns="http://www.w3.org/2000/svg"
              />
            </Tile>
          </Group.Item>
          <Group.Item
            key="Stordis"
          >
            <Tile
              href="https://www.stordis.com"
            >
              <Stordis
                fillRule="evenodd"
                role="img"
                viewBox="0 0 560 440"
                width="100%"
                xmlns="http://www.w3.org/2000/svg"
              />
            </Tile>
          </Group.Item>
          <Group.Item
            key="Suburb"
          >
            <Tile
              href="http://wearesuburb.com"
            >
              <Suburb
                fillRule="evenodd"
                role="img"
                viewBox="0 0 560 440"
                width="100%"
                xmlns="http://www.w3.org/2000/svg"
              />
            </Tile>
          </Group.Item>
          <Group.Item
            key="ThomsonReuters"
          >
            <Tile
              href="https://thomsonreuters.com"
            >
              <ThomsonReuters
                fillRule="evenodd"
                role="img"
                viewBox="0 0 560 440"
                width="100%"
                xmlns="http://www.w3.org/2000/svg"
              />
            </Tile>
          </Group.Item>
        </Group>
      </Grid.Item>
    </Grid>
  </Space>
</Fragment>
`;
