// Jest Snapshot v1, https://goo.gl/fbAQLP

exports[`Head component should render correctly 1`] = `
Array [
  <meta
    charset="utf-8"
  />,
  <meta
    content="#0060d8"
    name="msapplication-TileColor"
  />,
  <meta
    content="#0060d8"
    name="theme-color"
  />,
  <meta
    content="width=device-width"
    name="viewport"
  />,
  <link
    href="/apple-touch-icon.png"
    rel="apple-touch-icon"
    sizes="180x180"
  />,
  <link
    href="/favicon-32x32.png"
    rel="icon"
    sizes="32x32"
    type="image/png"
  />,
  <link
    href="/favicon-16x16.png"
    rel="icon"
    sizes="16x16"
    type="image/png"
  />,
  <link
    href="/manifest.webmanifest"
    rel="manifest"
  />,
  <link
    color="#0060d8"
    href="/safari-pinned-tab.svg"
    rel="mask-icon"
  />,
  <link
    as="font"
    crossorigin="anonymous"
    href="/assets/37BCE3_2_0.woff2"
    rel="preload"
    type="font/woff2"
  />,
  <link
    as="font"
    crossorigin="anonymous"
    href="/assets/37BCE3_3_0.woff2"
    rel="preload"
    type="font/woff2"
  />,
  <link
    as="font"
    crossorigin="anonymous"
    href="/assets/37BCE3_5_0.woff2"
    rel="preload"
    type="font/woff2"
  />,
  <link
    href="/styles.css?v=0.0.0"
    rel="stylesheet"
  />,
]
`;
