// Jest Snapshot v1, https://goo.gl/fbAQLP

exports[`Group component should render correctly 1`] = `
<div
  class="Group"
>
  <div
    class="Group-inner"
  >
    <div
      class="Group-item"
    >
      <div
        class="Group-itemInner"
      >
        children
      </div>
    </div>
  </div>
</div>
`;
